Script started on Sat 24 Jan 2015 05:10:52 AM PST
~
yli066@hammer $ ls
[0m[01;34mAssignment_4[0m/  [01;34mCS100[0m/    [01;34mDocuments[0m/  [01;34mMusic[0m/               [01;34mPublic[0m/
assn1.asm      [01;34mCS61[0m/     [01;34mDownloads[0m/  [01;32mperc_functions.o[0m*    [01;34mTemplates[0m/
[01;34mcs10[0m/          [01;34mCS_61[0m/    [01;34mEEEEE[0m/      [01;34mPictures[0m/            [01;34mVideos[0m/
[01;34mcs_10[0m/         [01;34mDesktop[0m/  main.cpp    [01;34mProgramAssignments[0m/
[m~
yli066@hammer $ cd CS100
~/CS100
yli066@hammer $ 
~/CS100
yli066@hammer $ ls
[0m[01;34mrshell[0m/
[m~/CS100
yli066@hammer $ cd rshell
~/CS100/rshell
yli066@hammer $ ls
[0m[01;34mbin[0m/  LICENSE  Makefile  README.md  [01;34msrc[0m/  [01;34mtest[0m/
[m~/CS100/rshell
yli066@hammer $ make
mkdir -p ./bin
g++ -Wall -Werror -ansi -pedantic ./src/main.cpp -o ./bin/rshell
~/CS100/rshell
yli066@hammer $ make #make files correctly
mkdir -p ./bin
g++ -Wall -Werror -ansi -pedantic ./src/main.cpp -o ./bin/rshell
~/CS100/rshell
yli066@hammer $ bin/rshell #runs correctly
yli066@hammer.cs.ucr.edu$ls #rune s correctly
yli066@hammer.cs.ucr.edu$ls
ls: cannot access #runs: No such file or directory
ls: cannot access correctly: No such file or directory
ls: cannot access ls: No such file or directory
yli066@hammer.cs.ucr.edu$^C
~/CS100/rshell
yli066@hammer $ bin/rshell #runs correctly
yli066@hammer.cs.ucr.edu$ls
bin  LICENSE  Makefile	README.md  src	test
yli066@hammer.cs.ucr.edu$ls;ls;
bin  LICENSE  Makefile	README.md  src	test
bin  LICENSE  Makefile	README.md  src	test
yli066@hammer.cs.ucr.edu$ls;ls;ls;
bin  LICENSE  Makefile	README.md  src	test
bin  LICENSE  Makefile	README.md  src	test
bin  LICENSE  Makefile	README.md  src	test
yli066@hammer.cs.ucr.edu$ls ; ls; ls; 
bin  LICENSE  Makefile	README.md  src	test
bin  LICENSE  Makefile	README.md  src	test
bin  LICENSE  Makefile	README.md  src	test
yli066@hammer.cs.ucr.edu$ls  ; #worksc  correctly
bin  LICENSE  Makefile	README.md  src	test
yli066@hammer.cs.ucr.edu$echo hi my name is leo
yli066@hammer.cs.ucr.edu$#comments
yli066@hammer.cs.ucr.edu$exit    l ls -a
yli066@hammer.cs.ucr.edu$ls -l
yli066@hammer.cs.ucr.edu$ls -l-l-l-l
yli066@hammer.cs.ucr.edu$ls    ls -    ea xit #exit works
~/CS100/rshell
yli066@hammer $ exit
exit

Script done on Sat 24 Jan 2015 05:13:19 AM PST
