Script started on Wed 25 Feb 2015 03:58:43 AM PST
~
yli066@hammer $ cs100
[0;91m
===============================================================================
|                                                                             |
| You have enabled settings specific for cs100.  Everything you do is being   |
| recorded to measure your progress in the class.                             |
|                                                                             |
| Important commands for the class:                                           |
|   * calcgrade.sh          displays a detailed breakdown of your grade       |
|   * typespeed             practice typing unix commands                     |
|                                                                             |
| Important commands for general C++ programming:                             |
|   * make                  don't call g++ manually; let make do the work!    |
|   * gdb                   the GNU debugger                                  |
|   * valgrind              get rid of your memory leaks                      |
|   * cppcheck              static analysis tool                              |
|   * man                   find help about any syscall / terminal command    |
|                                                                             |
===============================================================================
yli066@cs100:~ $ cd CS100
yli066@cs100:~/CS100 (master) $ cd rshell
yli066@cs100:~/CS100/rshell (master) $ make
mkdir -p ./bin
g++ -Wall -Werror -ansi -pedantic ./src/main.cpp -o ./bin/rshell 
g++ -Wall -Werror -ansi -pedantic ./src/ls.cpp -o ./bin/ls
g++ -Wall -Werror -ansi -pedantic ./src/cp.cpp -o ./bin/cp
yli066@cs100:~/CS100/rshell (master) $ bin/rshell
yli066@hammer.cs.ucr.edu$ls;ls;ls;
bin  ioredirect.script	LICENSE  Makefile  README.md  src  test
bin  ioredirect.script	LICENSE  Makefile  README.md  src  test
bin  ioredirect.script	LICENSE  Makefile  README.md  src  test
yli066@hammer.cs.ucr.edu$ls%%  &&ls&&ls
bin  ioredirect.script	LICENSE  Makefile  README.md  src  test
bin  ioredirect.script	LICENSE  Makefile  README.md  src  test
bin  ioredirect.script	LICENSE  Makefile  README.md  src  test
yli066@hammer.cs.ucr.edu$false||ls
bin  ioredirect.script	LICENSE  Makefile  README.md  src  test
yli066@hammer.cs.ucr.edu$true&&ls
bin  ioredirect.script	LICENSE  Makefile  README.md  src  test
yli066@hammer.cs.ucr.edu$  #above proves connectors work
yli066@hammer.cs.ucr.edu$
yli066@hammer.cs.ucr.edu$ls > new1
yli066@hammer.cs.ucr.edu$ls
bin  ioredirect.script	LICENSE  Makefile  new1  README.md  src  test
yli066@hammer.cs.ucr.edu$cat<new1
bin
ioredirect.script
LICENSE
Makefile
new1
README.md
src
test
yli066@hammer.cs.ucr.edu$ls
bin  ioredirect.script	LICENSE  Makefile  new1  README.md  src  test
yli066@hammer.cs.ucr.edu$ls>>new1
yli066@hammer.cs.ucr.edu$cat<new1
bin
ioredirect.script
LICENSE
Makefile
new1
README.md
src
test
bin
ioredirect.script
LICENSE
Makefile
new1
README.md
src
test
yli066@hammer.cs.ucr.edu$wc<new1
 16  16 126
yli066@hammer.cs.ucr.edu$ls>new1
yli066@hammer.cs.ucr.edu$cat<new1
bin
ioredirect.script
LICENSE
Makefile
new1
README.md
src
test
yli066@hammer.cs.ucr.edu$wc<new1
 8  8 63
yli066@hammer.cs.ucr.edu$  #above tests proves simple IO redirection works
yli066@hammer.cs.ucr.edu$ls>new1;ls>new2
yli066@hammer.cs.ucr.edu$ls
bin  ioredirect.script	LICENSE  Makefile  new1  new2  README.md  src  test
yli066@hammer.cs.ucr.edu$cat<new1;cat<new2
bin
ioredirect.script
LICENSE
Makefile
new1
README.md
src
test
bin
ioredirect.script
LICENSE
Makefile
new1
new2
README.md
src
test
yli066@hammer.cs.ucr.edu$ls>new1;ls>>new2
yli066@hammer.cs.ucr.edu$cat<new1;cat<new2
bin
ioredirect.script
LICENSE
Makefile
new1
new2
README.md
src
test
bin
ioredirect.script
LICENSE
Makefile
new1
new2
README.md
src
test
bin
ioredirect.script
LICENSE
Makefile
new1
new2
README.md
src
test
yli066@hammer.cs.ucr.edu$ls
bin  ioredirect.script	LICENSE  Makefile  new1  new2  README.md  src  test
yli066@hammer.cs.ucr.edu$false||cat<new2
bin
ioredirect.script
LICENSE
Makefile
new1
new2
README.md
src
test
bin
ioredirect.script
LICENSE
Makefile
new1
new2
README.md
src
test
yli066@hammer.cs.ucr.edu$true||cat<new2
cannot run command!!!
yli066@hammer.cs.ucr.edu$false&&cat<new1
cannot run command!!!
yli066@hammer.cs.ucr.edu$true&&cat<new1
bin
ioredirect.script
LICENSE
Makefile
new1
new2
README.md
src
test
yli066@hammer.cs.ucr.edu$wc<new2&&cat<new2
 18  18 136
bin
ioredirect.script
LICENSE
Makefile
new1
new2
README.md
src
test
bin
ioredirect.script
LICENSE
Makefile
new1
new2
README.md
src
test
yli066@hammer.cs.ucr.edu$wc<new1&&cat<new1
 9  9 68
bin
ioredirect.script
LICENSE
Makefile
new1
new2
README.md
src
test
yli066@hammer.cs.ucr.edu$wc<new1||cat<new1
 9  9 68
cannot run command!!!
yli066@hammer.cs.ucr.edu$  #above shows simple connector works with redirections
yli066@hammer.cs.ucr.edu$false||true||wc<new2
cannot run command!!!
yli066@hammer.cs.ucr.edu$true||false||wc<new2
Previous passed!!!
yli066@hammer.cs.ucr.edu$true&&false&&wc<new2
cannot run command!!!
yli066@hammer.cs.ucr.edu$true&&true&&wc<new2
 18  18 136
yli066@hammer.cs.ucr.edu$wc<new1&&wc<new2&&cat<new1
 9  9 68
 18  18 136
bin
ioredirect.script
LICENSE
Makefile
new1
new2
README.md
src
test
yli066@hammer.cs.ucr.edu$wc<new1||wc<new2||cat<new1
 9  9 68
Previous passed!!!
yli066@hammer.cs.ucr.edu$false||false||wc<new1
 9  9 68
yli066@hammer.cs.ucr.edu$false||wc<new1||cat<new1
 9  9 68
cannot run command!!!
yli066@hammer.cs.ucr.edu$true||wc<new2||cat<new2
Previous passed!!!
yli066@hammer.cs.ucr.edu$false&&wc<new1&&cat<new1
Previous failed
yli066@hammer.cs.ucr.edu$true&&wc<new2&&cat<new2
 18  18 136
bin
ioredirect.script
LICENSE
Makefile
new1
new2
README.md
src
test
bin
ioredirect.script
LICENSE
Makefile
new1
new2
README.md
src
test
yli066@hammer.cs.ucr.edu$false||wc<new2&&cat<new2
Previous failed
yli066@hammer.cs.ucr.edu$true&&wc<new1||wc<new2
Previous passed!!!
yli066@hammer.cs.ucr.edu$true||wc<new1&&wc<new2
 9  9 68
 18  18 136
yli066@hammer.cs.ucr.edu$false&&wc<new2&&cat<new2
Previous failed
yli066@hammer.cs.ucr.edu$wc<new1||wc<new2&&wc<new1
 9  9 68
 18  18 136
 9  9 68
yli066@hammer.cs.ucr.edu$false||wc<new2&&wc<new1
Previous failed
yli066@hammer.cs.ucr.edu$false||wc<new1
 9  9 68
yli066@hammer.cs.ucr.edu$  #above tests for complicated connector IO reire   direction
yli066@hammer.cs.ucr.edu$  #there are a few bugs still 
yli066@hammer.cs.ucr.edu$  #those few bugs can be seen within thoses tests
yli066@hammer.cs.ucr.edu$wc < new1 > newfile
 9  9 68
yli066@hammer.cs.ucr.edu$  #this does not work
yli066@hammer.cs.ucr.edu$  #although 'newfile' is created, there is no output redirected
yli066@hammer.cs.ucr.edu$ls
bin  ioredirect.script	LICENSE  Makefile  new1  new2  newfile	README.md  src	test
yli066@hammer.cs.ucr.edu$ls -l | less
yli066@hammer.cs.ucr.edu$  #piping does not work at all
yli066@hammer.cs.ucr.edu$  #except for piping and a few bugs, all IO redirections work with connectors
yli066@hammer.cs.ucr.edu$exit
yli066@cs100:~/CS100/rshell (master) $ exit
exit
~
yli066@hammer $ exit
exit

Script done on Wed 25 Feb 2015 04:11:38 AM PST
