Script started on Mon 09 Feb 2015 03:19:11 AM PST
~
yli066@hammer $ ~/CS100/rshell
yli066@hammer $ mkdir -p ./bin
g++ -Wall -Werror -ansi -pedantic ./src/main.cpp -o ./bin/rshell 
g++ -Wall -Werror -ansi -pedantic ./src/ls.cpp -o ./bin/ls
~/CS100/rshell
yli066@hammer $ bin LICENSE ls.script Makefile README.md src test testscripts.txt 
~/CS100/rshell
yli066@hammer $ . .. .git bin LICENSE ls.script Makefile README.md src test testscripts.txt 
~/CS100/rshell
yli066@hammer $ total: 56
drwx------6    csmajs4096 Feb  9 03:15     .
drwx------6    csmajs4096 Feb  9 03:14     ..
drwx------8    csmajs4096 Feb  9 03:14     .git
drwx------2    csmajs4096 Feb  9 03:15     bin
-rw-------1    csmajs18545Feb  9 03:14     LICENSE
-rw-------1    csmajs0    Feb  9 03:15     ls.script
-rw-------1    csmajs495  Feb  9 03:14     Makefile
-rw-------1    csmajs2461 Feb  9 03:14     README.md
drwx------2    csmajs4096 Feb  9 03:14     src
drwx------2    csmajs4096 Feb  9 03:15     test
-rw-------1    csmajs2038 Feb  9 03:08     testscripts.txt
~/CS100/rshell
yli066@hammer $ .: 
total: 56
drwx------6    csmajs4096 Feb  9 03:15     .
drwx------6    csmajs4096 Feb  9 03:14     ..
drwx------8    csmajs4096 Feb  9 03:14     .git
drwx------2    csmajs4096 Feb  9 03:15     bin
-rw-------1    csmajs18545Feb  9 03:14     LICENSE
-rw-------1    csmajs0    Feb  9 03:15     ls.script
-rw-------1    csmajs495  Feb  9 03:14     Makefile
-rw-------1    csmajs2461 Feb  9 03:14     README.md
drwx------2    csmajs4096 Feb  9 03:14     src
drwx------2    csmajs4096 Feb  9 03:15     test
-rw-------1    csmajs2038 Feb  9 03:08     testscripts.txt
./   branches: 
total: 8
drwx------2    csmajs4096 Feb  9 03:14     .
drwx------8    csmajs4096 Feb  9 03:14     ..
./   hooks: 
total: 52
drwx------2    csmajs4096 Feb  9 03:14     .
drwx------8    csmajs4096 Feb  9 03:14     ..
-rwx------1    csmajs452  Feb  9 03:14     applypatch-msg.sample
-rwx------1    csmajs896  Feb  9 03:14     commit-msg.sample
-rwx------1    csmajs548  Feb  9 03:14     post-receive.sample
-rwx------1    csmajs4951 Feb  9 03:14     pre-rebase.sample
-rwx------1    csmajs1239 Feb  9 03:14     prepare-commit-msg.sample
-rwx------1    csmajs160  Feb  9 03:14     post-commit.sample
-rwx------1    csmajs398  Feb  9 03:14     pre-applypatch.sample
-rwx------1    csmajs1578 Feb  9 03:14     pre-commit.sample
-rwx------1    csmajs189  Feb  9 03:14     post-update.sample
-rwx------1    csmajs3611 Feb  9 03:14     update.sample
./   info: 
total: 12
drwx------2    csmajs4096 Feb  9 03:14     .
drwx------8    csmajs4096 Feb  9 03:14     ..
-rw-------1    csmajs240  Feb  9 03:14     exclude
./   heads: 
total: 12
drwx------2    csmajs4096 Feb  9 03:14     .
drwx------3    csmajs4096 Feb  9 03:14     ..
-rw-------1    csmajs184  Feb  9 03:14     master
./   refs: 
total: 12
drwx------3    csmajs4096 Feb  9 03:14     .
drwx------3    csmajs4096 Feb  9 03:14     ..
drwx------2    csmajs4096 Feb  9 03:14     heads
./   logs: 
total: 16
drwx------3    csmajs4096 Feb  9 03:14     .
drwx------8    csmajs4096 Feb  9 03:14     ..
-rw-------1    csmajs184  Feb  9 03:14     HEAD
drwx------3    csmajs4096 Feb  9 03:14     refs
./   info: 
total: 8
drwx------2    csmajs4096 Feb  9 03:14     .
drwx------4    csmajs4096 Feb  9 03:14     ..
./   pack: 
total: 96
drwx------2    csmajs4096 Feb  9 03:14     .
drwx------4    csmajs4096 Feb  9 03:14     ..
-r--------1    csmajs74999Feb  9 03:14     pack-0f9f5c89fa703ae5bb604bcc845f4928dd0d97ee.pack
-r--------1    csmajs4684 Feb  9 03:14     pack-0f9f5c89fa703ae5bb604bcc845f4928dd0d97ee.idx
./   objects: 
total: 16
drwx------4    csmajs4096 Feb  9 03:14     .
drwx------8    csmajs4096 Feb  9 03:14     ..
drwx------2    csmajs4096 Feb  9 03:14     info
drwx------2    csmajs4096 Feb  9 03:14     pack
./   heads: 
total: 8
drwx------2    csmajs4096 Feb  9 03:14     .
drwx------5    csmajs4096 Feb  9 03:14     ..
-rw-------1    csmajs41   Feb  9 03:14     master
./   origin: 
total: 8
drwx------2    csmajs4096 Feb  9 03:14     .
drwx------3    csmajs4096 Feb  9 03:14     ..
-rw-------1    csmajs32   Feb  9 03:14     HEAD
./   remotes: 
total: 12
drwx------3    csmajs4096 Feb  9 03:14     .
drwx------5    csmajs4096 Feb  9 03:14     ..
drwx------2    csmajs4096 Feb  9 03:14     origin
./   tags: 
total: 8
drwx------2    csmajs4096 Feb  9 03:14     .
drwx------5    csmajs4096 Feb  9 03:14     ..
./   refs: 
total: 20
drwx------5    csmajs4096 Feb  9 03:14     .
drwx------8    csmajs4096 Feb  9 03:14     ..
drwx------2    csmajs4096 Feb  9 03:14     heads
drwx------3    csmajs4096 Feb  9 03:14     remotes
drwx------2    csmajs4096 Feb  9 03:14     tags
./   .git: 
total: 48
drwx------8    csmajs4096 Feb  9 03:14     .
drwx------6    csmajs4096 Feb  9 03:15     ..
drwx------2    csmajs4096 Feb  9 03:14     branches
-rw-------1    csmajs260  Feb  9 03:14     config
-rw-------1    csmajs73   Feb  9 03:14     description
drwx------2    csmajs4096 Feb  9 03:14     hooks
-rw-------1    csmajs23   Feb  9 03:14     HEAD
drwx------2    csmajs4096 Feb  9 03:14     info
-rw-------1    csmajs568  Feb  9 03:14     index
drwx------3    csmajs4096 Feb  9 03:14     logs
drwx------4    csmajs4096 Feb  9 03:14     objects
-rw-------1    csmajs376  Feb  9 03:14     packed-refs
drwx------5    csmajs4096 Feb  9 03:14     refs
./   bin: 
total: 104
drwx------2    csmajs4096 Feb  9 03:15     .
drwx------6    csmajs4096 Feb  9 03:15     ..
-rwx------1    csmajs64991Feb  9 03:15     ls
-rwx------1    csmajs30584Feb  9 03:15     rshell
./   src: 
total: 24
drwx------2    csmajs4096 Feb  9 03:14     .
drwx------6    csmajs4096 Feb  9 03:15     ..
-rw-------1    csmajs6591 Feb  9 03:14     ls.cpp
-rw-------1    csmajs6738 Feb  9 03:14     main.cpp
./   test: 
total: 12
drwx------2    csmajs4096 Feb  9 03:15     .
drwx------6    csmajs4096 Feb  9 03:15     ..
-rw-------1    csmajs2487 Feb  9 03:14     exec.script
~/CS100/rshell
yli066@hammer $ .: 
total: 56
drwx------6    csmajs4096 Feb  9 03:15     .
drwx------6    csmajs4096 Feb  9 03:14     ..
drwx------8    csmajs4096 Feb  9 03:14     .git
drwx------2    csmajs4096 Feb  9 03:15     bin
-rw-------1    csmajs18545Feb  9 03:14     LICENSE
-rw-------1    csmajs0    Feb  9 03:15     ls.script
-rw-------1    csmajs495  Feb  9 03:14     Makefile
-rw-------1    csmajs2461 Feb  9 03:14     README.md
drwx------2    csmajs4096 Feb  9 03:14     src
drwx------2    csmajs4096 Feb  9 03:15     test
-rw-------1    csmajs2038 Feb  9 03:08     testscripts.txt
./   branches: 
total: 8
drwx------2    csmajs4096 Feb  9 03:14     .
drwx------8    csmajs4096 Feb  9 03:14     ..
./   hooks: 
total: 52
drwx------2    csmajs4096 Feb  9 03:14     .
drwx------8    csmajs4096 Feb  9 03:14     ..
-rwx------1    csmajs452  Feb  9 03:14     applypatch-msg.sample
-rwx------1    csmajs896  Feb  9 03:14     commit-msg.sample
-rwx------1    csmajs548  Feb  9 03:14     post-receive.sample
-rwx------1    csmajs4951 Feb  9 03:14     pre-rebase.sample
-rwx------1    csmajs1239 Feb  9 03:14     prepare-commit-msg.sample
-rwx------1    csmajs160  Feb  9 03:14     post-commit.sample
-rwx------1    csmajs398  Feb  9 03:14     pre-applypatch.sample
-rwx------1    csmajs1578 Feb  9 03:14     pre-commit.sample
-rwx------1    csmajs189  Feb  9 03:14     post-update.sample
-rwx------1    csmajs3611 Feb  9 03:14     update.sample
./   info: 
total: 12
drwx------2    csmajs4096 Feb  9 03:14     .
drwx------8    csmajs4096 Feb  9 03:14     ..
-rw-------1    csmajs240  Feb  9 03:14     exclude
./   heads: 
total: 12
drwx------2    csmajs4096 Feb  9 03:14     .
drwx------3    csmajs4096 Feb  9 03:14     ..
-rw-------1    csmajs184  Feb  9 03:14     master
./   refs: 
total: 12
drwx------3    csmajs4096 Feb  9 03:14     .
drwx------3    csmajs4096 Feb  9 03:14     ..
drwx------2    csmajs4096 Feb  9 03:14     heads
./   logs: 
total: 16
drwx------3    csmajs4096 Feb  9 03:14     .
drwx------8    csmajs4096 Feb  9 03:14     ..
-rw-------1    csmajs184  Feb  9 03:14     HEAD
drwx------3    csmajs4096 Feb  9 03:14     refs
./   info: 
total: 8
drwx------2    csmajs4096 Feb  9 03:14     .
drwx------4    csmajs4096 Feb  9 03:14     ..
./   pack: 
total: 96
drwx------2    csmajs4096 Feb  9 03:14     .
drwx------4    csmajs4096 Feb  9 03:14     ..
-r--------1    csmajs74999Feb  9 03:14     pack-0f9f5c89fa703ae5bb604bcc845f4928dd0d97ee.pack
-r--------1    csmajs4684 Feb  9 03:14     pack-0f9f5c89fa703ae5bb604bcc845f4928dd0d97ee.idx
./   objects: 
total: 16
drwx------4    csmajs4096 Feb  9 03:14     .
drwx------8    csmajs4096 Feb  9 03:14     ..
drwx------2    csmajs4096 Feb  9 03:14     info
drwx------2    csmajs4096 Feb  9 03:14     pack
./   heads: 
total: 8
drwx------2    csmajs4096 Feb  9 03:14     .
drwx------5    csmajs4096 Feb  9 03:14     ..
-rw-------1    csmajs41   Feb  9 03:14     master
./   origin: 
total: 8
drwx------2    csmajs4096 Feb  9 03:14     .
drwx------3    csmajs4096 Feb  9 03:14     ..
-rw-------1    csmajs32   Feb  9 03:14     HEAD
./   remotes: 
total: 12
drwx------3    csmajs4096 Feb  9 03:14     .
drwx------5    csmajs4096 Feb  9 03:14     ..
drwx------2    csmajs4096 Feb  9 03:14     origin
./   tags: 
total: 8
drwx------2    csmajs4096 Feb  9 03:14     .
drwx------5    csmajs4096 Feb  9 03:14     ..
./   refs: 
total: 20
drwx------5    csmajs4096 Feb  9 03:14     .
drwx------8    csmajs4096 Feb  9 03:14     ..
drwx------2    csmajs4096 Feb  9 03:14     heads
drwx------3    csmajs4096 Feb  9 03:14     remotes
drwx------2    csmajs4096 Feb  9 03:14     tags
./   .git: 
total: 48
drwx------8    csmajs4096 Feb  9 03:14     .
drwx------6    csmajs4096 Feb  9 03:15     ..
drwx------2    csmajs4096 Feb  9 03:14     branches
-rw-------1    csmajs260  Feb  9 03:14     config
-rw-------1    csmajs73   Feb  9 03:14     description
drwx------2    csmajs4096 Feb  9 03:14     hooks
-rw-------1    csmajs23   Feb  9 03:14     HEAD
drwx------2    csmajs4096 Feb  9 03:14     info
-rw-------1    csmajs568  Feb  9 03:14     index
drwx------3    csmajs4096 Feb  9 03:14     logs
drwx------4    csmajs4096 Feb  9 03:14     objects
-rw-------1    csmajs376  Feb  9 03:14     packed-refs
drwx------5    csmajs4096 Feb  9 03:14     refs
./   bin: 
total: 104
drwx------2    csmajs4096 Feb  9 03:15     .
drwx------6    csmajs4096 Feb  9 03:15     ..
-rwx------1    csmajs64991Feb  9 03:15     ls
-rwx------1    csmajs30584Feb  9 03:15     rshell
./   src: 
total: 24
drwx------2    csmajs4096 Feb  9 03:14     .
drwx------6    csmajs4096 Feb  9 03:15     ..
-rw-------1    csmajs6591 Feb  9 03:14     ls.cpp
-rw-------1    csmajs6738 Feb  9 03:14     main.cpp
./   test: 
total: 12
drwx------2    csmajs4096 Feb  9 03:15     .
drwx------6    csmajs4096 Feb  9 03:15     ..
-rw-------1    csmajs2487 Feb  9 03:14     exec.script
~/CS100/rshell
yli066@hammer $ exec.script 
~/CS100/rshell
yli066@hammer $ src:
ls.cpp main.cpp 
test:
exec.script 
~/CS100/rshell
yli066@hammer $ src:
. .. ls.cpp main.cpp 
test:
. .. exec.script 
~/CS100/rshell
yli066@hammer $ src:
total: 24
drwx------2    csmajs4096 Feb  9 03:14     .
drwx------6    csmajs4096 Feb  9 03:15     ..
-rw-------1    csmajs6591 Feb  9 03:14     ls.cpp
-rw-------1    csmajs6738 Feb  9 03:14     main.cpp
test :
total: 12
drwx------2    csmajs4096 Feb  9 03:15     .
drwx------6    csmajs4096 Feb  9 03:15     ..
-rw-------1    csmajs2487 Feb  9 03:14     exec.script
~/CS100/rshell
yli066@hammer $ src:
total: 24
drwx------2    csmajs4096 Feb  9 03:14     .
drwx------6    csmajs4096 Feb  9 03:15     ..
-rw-------1    csmajs6591 Feb  9 03:14     ls.cpp
-rw-------1    csmajs6738 Feb  9 03:14     main.cpp
test :
total: 12
drwx------2    csmajs4096 Feb  9 03:15     .
drwx------6    csmajs4096 Feb  9 03:15     ..
-rw-------1    csmajs2487 Feb  9 03:14     exec.script
~/CS100/rshell
yli066@hammer $ total: 12
drwx------2    csmajs4096 Feb  9 03:15     .
drwx------6    csmajs4096 Feb  9 03:15     ..
-rw-------1    csmajs2487 Feb  9 03:14     exec.script
~/CS100/rshell
yli066@hammer $ test: 
exec.script 
~/CS100/rshell
yli066@hammer $ test: 
total: 12
drwx------2    csmajs4096 Feb  9 03:15     .
drwx------6    csmajs4096 Feb  9 03:15     ..
-rw-------1    csmajs2487 Feb  9 03:14     exec.script
~/CS100/rshell
yli066@hammer $ src: 
total: 24
drwx------2    csmajs4096 Feb  9 03:14     .
drwx------6    csmajs4096 Feb  9 03:15     ..
-rw-------1    csmajs6591 Feb  9 03:14     ls.cpp
-rw-------1    csmajs6738 Feb  9 03:14     main.cpp
~/CS100/rshell
yli066@hammer $ src:
total: 24
drwx------2    csmajs4096 Feb  9 03:14     .
drwx------6    csmajs4096 Feb  9 03:15     ..
-rw-------1    csmajs6591 Feb  9 03:14     ls.cpp
-rw-------1    csmajs6738 Feb  9 03:14     main.cpp
test :
total: 12
drwx------2    csmajs4096 Feb  9 03:15     .
drwx------6    csmajs4096 Feb  9 03:15     ..
-rw-------1    csmajs2487 Feb  9 03:14     exec.script
~/CS100/rshell
yli066@hammer $ bash: syntax error near unexpected token `;;'
~/CS100/rshell
yli066@hammer $ bash: syntax error near unexpected token `||'
~/CS100/rshell
yli066@hammer $ bin LICENSE ls.script Makefile README.md src test testscripts.txt 
~/CS100/rshell
yli066@hammer $ lab rshell rshelldntopen 
~/CS100/rshell
yli066@hammer $ ./: 
bin LICENSE ls.script Makefile README.md src test testscripts.txt 
./bin: 
ls rshell 
./src: 
ls.cpp main.cpp 
./test: 
exec.script 
~/CS100/rshell
yli066@hammer $ total: 44
drwx------2    csmajs4096 Feb  9 03:15     bin
-rw-------1    csmajs18545Feb  9 03:14     LICENSE
-rw-------1    csmajs0    Feb  9 03:15     ls.script
-rw-------1    csmajs495  Feb  9 03:14     Makefile
-rw-------1    csmajs2461 Feb  9 03:14     README.md
drwx------2    csmajs4096 Feb  9 03:14     src
drwx------2    csmajs4096 Feb  9 03:15     test
-rw-------1    csmajs2038 Feb  9 03:08     testscripts.txt
~/CS100/rshell
yli066@hammer $ . .. .git bin LICENSE ls.script Makefile README.md src test testscripts.txt 
~/CS100/rshell
yli066@hammer $ Segmentation fault
~/CS100/rshell
yli066@hammer $ Segmentation fault
~/CS100/rshell
yli066@hammer $ boot bin class cgroup C:\nppdf32Log\debuglog.txt dev etc extra home lib64 lost+found lib mnt media misc net opt proc root srv sys selinux sbin tmp usr var 
~/CS100/rshell
yli066@hammer $ Segmentation fault
~/CS100/rshell
yli066@hammer $ . .. .git bin LICENSE ls.script Makefile README.md src test testscripts.txt 
~/CS100/rshell
yli066@hammer $ total: 44
drwx------2    csmajs4096 Feb  9 03:15     bin
-rw-------1    csmajs18545Feb  9 03:14     LICENSE
-rw-------1    csmajs0    Feb  9 03:15     ls.script
-rw-------1    csmajs495  Feb  9 03:14     Makefile
-rw-------1    csmajs2461 Feb  9 03:14     README.md
drwx------2    csmajs4096 Feb  9 03:14     src
drwx------2    csmajs4096 Feb  9 03:15     test
-rw-------1    csmajs2038 Feb  9 03:08     testscripts.txt
~/CS100/rshell
yli066@hammer $ .: 
bin LICENSE ls.script Makefile README.md src test testscripts.txt 
./bin: 
ls rshell 
./src: 
ls.cpp main.cpp 
./test: 
exec.script 
~/CS100/rshell
yli066@hammer $ ERROR OCCURRED~/CS100/rshell
yli066@hammer $ Segmentation fault
~/CS100/rshell
yli066@hammer $ bash: syntax error near unexpected token `newline'
~/CS100/rshell
yli066@hammer $ bash: syntax error near unexpected token `)'
~/CS100/rshell
yli066@hammer $ loop $ bash: syntax error near unexpected token `bin/ls'
~/CS100/rshell
yli066@hammer $ Segmentation fault
~/CS100/rshell
yli066@hammer $ bin:
ls rshell 
Segmentation fault
~/CS100/rshell
yli066@hammer $ Segmentation fault
~/CS100/rshell
yli066@hammer $ loop $ bin LICENSE ls.script Makefile README.md src test testscripts.txt 
Segmentation fault
~/CS100/rshell
yli066@hammer $ Segmentation fault
~/CS100/rshell
yli066@hammer $ Segmentation fault
~/CS100/rshell
yli066@hammer $ Segmentation fault
~/CS100/rshell
yli066@hammer $ Segmentation fault
~/CS100/rshell
yli066@hammer $ Segmentation fault
~/CS100/rshell
yli066@hammer $ ERROR OCCURRED~/CS100/rshell
yli066@hammer $ ERROR OCCURRED~/CS100/rshell
yli066@hammer $ Segmentation fault
~/CS100/rshell
yli066@hammer $ ERROR OCCURRED~/CS100/rshell
yli066@hammer $ test: 
total: 12
drwx------2    csmajs4096 Feb  9 03:15     .
drwx------6    csmajs4096 Feb  9 03:15     ..
-rw-------1    csmajs2487 Feb  9 03:14     exec.script
~/CS100/rshell
yli066@hammer $ Segmentation fault
~/CS100/rshell
yli066@hammer $ test:
exec.script 
test:
exec.script 
test:
exec.script 
test:
exec.script 
~/CS100/rshell
yli066@hammer $ src:
ls.cpp main.cpp 
test:
exec.script 
src:
ls.cpp main.cpp 
~/CS100/rshell
yli066@hammer $ src:
total: 16
-rw-------1    csmajs6591 Feb  9 03:14     ls.cpp
-rw-------1    csmajs6738 Feb  9 03:14     main.cpp
test :
total: 4
-rw-------1    csmajs2487 Feb  9 03:14     exec.script
~/CS100/rshell
yli066@hammer $ test:
total: 4
-rw-------1    csmajs2487 Feb  9 03:14     exec.script
src  :
total: 16
-rw-------1    csmajs6591 Feb  9 03:14     ls.cpp
-rw-------1    csmajs6738 Feb  9 03:14     main.cpp
~/CS100/rshell
yli066@hammer $ test:
exec.script 
src:
ls.cpp main.cpp 
src:
ls.cpp main.cpp 
~/CS100/rshell
yli066@hammer $ src:
. .. ls.cpp main.cpp 
test:
. .. exec.script 
src:
. .. ls.cpp main.cpp 
src:
. .. ls.cpp main.cpp 
~/CS100/rshell
yli066@hammer $ Segmentation fault
~/CS100/rshell
yli066@hammer $ ERROR OCCURRED~/CS100/rshell
yli066@hammer $ ERROR OCCURRED~/CS100/rshell
yli066@hammer $ ERROR OCCURRED~/CS100/rshell
yli066@hammer $ ERROR OCCURRED~/CS100/rshell
yli066@hammer $ test: 
total: 12
drwx------2    csmajs4096 Feb  9 03:15     .
drwx------6    csmajs4096 Feb  9 03:15     ..
-rw-------1    csmajs2487 Feb  9 03:14     exec.script
~/CS100/rshell
yli066@hammer $ Segmentation fault
~/CS100/rshell
yli066@hammer $ Segmentation fault
~/CS100/rshell
yli066@hammer $ Segmentation fault
~/CS100/rshell
yli066@hammer $ ERROR OCCURRED~/CS100/rshell
yli066@hammer $ Segmentation fault
~/CS100/rshell
yli066@hammer $ Segmentation fault
~/CS100/rshell
yli066@hammer $ Segmentation fault
~/CS100/rshell
yli066@hammer $ Segmentation fault
~/CS100/rshell
yli066@hammer $ exec.script 
~/CS100/rshell
yli066@hammer $ Segmentation fault
~/CS100/rshell
yli066@hammer $ Segmentation fault
~/CS100/rshell
yli066@hammer $ Segmentation fault
~/CS100/rshell
yli066@hammer $ ~/CS100/rshell
yli066@hammer $ ~/CS100/rshell
yli066@hammer $ bash: works.: command not found
~/CS100/rshell
yli066@hammer $ exit

Script done on Mon 09 Feb 2015 03:19:12 AM PST
