Script started on Mon 23 Feb 2015 10:30:51 PM PST
~
yli066@hammer $ cd CS100
~/CS100
yli066@hammer $ cd rshell
~/CS100/rshell
yli066@hammer $ make
mkdir -p ./bin
g++ -Wall -Werror -ansi -pedantic ./src/main.cpp -o ./bin/rshell 
g++ -Wall -Werror -ansi -pedantic ./src/ls.cpp -o ./bin/ls
g++ -Wall -Werror -ansi -pedantic ./src/cp.cpp -o ./bin/cp
~/CS100/rshell
yli066@hammer $ bin/rshell
yli066@hammer.cs.ucr.edu$ls
bin  LICENSE  Makefile	README.md  redirect.script  src  test
yli066@hammer.cs.ucr.edu$ls&&ls #connectors work
bin  LICENSE  Makefile	README.md  redirect.script  src  test
bin  LICENSE  Makefile	README.md  redirect.script  src  test
yli066@hammer.cs.ucr.edu$false||ls 
bin  LICENSE  Makefile	README.md  redirect.script  src  test
yli066@hammer.cs.ucr.edu$true||ls
First command ran so second cannot: Success
yli066@hammer.cs.ucr.edu$false&&ls
first command did not execute: Success
yli066@hammer.cs.ucr.edu$ls > newfile
yli066@hammer.cs.ucr.edu$ls #output redirection worke s
bin  LICENSE  Makefile	newfile  README.md  redirect.script  src  test
yli066@hammer.cs.ucr.edu$cat < newfile #input redirection works
bin
LICENSE
Makefile
newfile
README.md
redirect.script
src
test
yli066@hammer.cs.ucr.edu$wc < newfile 
 8  8 64
yli066@hammer.cs.ucr.edu$ls >> newfile #append file works
yli066@hammer.cs.ucr.edu$ls
bin  LICENSE  Makefile	newfile  README.md  redirect.script  src  test
yli066@hammer.cs.ucr.edu$cat < newfile #proving append works
bin
LICENSE
Makefile
newfile
README.md
redirect.script
src
test
bin
LICENSE
Makefile
newfile
README.md
redirect.script
src
test
yli066@hammer.cs.ucr.edu$ls > newfile #overwriting wo  file works
yli066@hammer.cs.ucr.edu$cat < newfile #proving overwrite works
bin
LICENSE
Makefile
newfile
README.md
redirect.script
src
test
yli066@hammer.cs.ucr.edu$true&&ls>new
yli066@hammer.cs.ucr.edu$ls #IO redirect  ion works with connectors
bin  LICENSE  Makefile	new  newfile  README.md  redirect.script  src  test
yli066@hammer.cs.ucr.edu$cat < new
bin
LICENSE
Makefile
new
newfile
README.md
redirect.script
src
test
yli066@hammer.cs.ucr.edu$false && ls > new
cannot run command!!!
yli066@hammer.cs.ucr.edu$false || wc < new
 9  9 68
yli066@hammer.cs.ucr.edu$true || wc < newfile
cannot run command!!!
yli066@hammer.cs.ucr.edu$ls
bin  LICENSE  Makefile	new  newfile  README.md  redirect.script  src  test
yli066@hammer.cs.ucr.edu$false && false && ls > new
Previous failed
yli066@hammer.cs.ucr.edu$true && false && ls > newfile
cannot run command!!!
yli066@hammer.cs.ucr.edu$false && true && cat < newfile
Previous failed
yli066@hammer.cs.ucr.edu$false || false || wc < new
 9  9 68
yli066@hammer.cs.ucr.edu$true || false || wc < new
Previous passed!!!
yli066@hammer.cs.ucr.edu$false || true || wc < new
cannot run command!!!
yli066@hammer.cs.ucr.edu$false || true && wc < new
Previous failed
yli066@hammer.cs.ucr.edu$true || false && wc < new
cannot run command!!!
yli066@hammer.cs.ucr.edu$ls
bin  LICENSE  Makefile	new  newfile  README.md  redirect.script  src  test
yli066@hammer.cs.ucr.edu$true || false || wc < new
Previous passed!!!
yli066@hammer.cs.ucr.edu$true && true && ls >> newfile
yli066@hammer.cs.ucr.edu$cat < newfile
bin
LICENSE
Makefile
newfile
README.md
redirect.script
src
test
bin
LICENSE
Makefile
new
newfile
README.md
redirect.script
src
test
yli066@hammer.cs.ucr.edu$cat < new
bin
LICENSE
Makefile
new
newfile
README.md
redirect.script
src
test
yli066@hammer.cs.ucr.edu$cat < new && ls > newfile2
bin
LICENSE
Makefile
new
newfile
README.md
redirect.script
src
test
yli066@hammer.cs.ucr.edu$ls
bin  LICENSE  Makefile	new  newfile  newfile2	README.md  redirect.script  src  test
yli066@hammer.cs.ucr.edu$ls >> newfile2 && cat < newfile2
bin
LICENSE
Makefile
new
newfile
newfile2
README.md
redirect.script
src
test
bin
LICENSE
Makefile
new
newfile
newfile2
README.md
redirect.script
src
test
yli066@hammer.cs.ucr.edu$ls >> newfile && cat < newfile || ls
Previous passed!!!
yli066@hammer.cs.ucr.edu$ls
bin  LICENSE  Makefile	new  newfile  newfile2	README.md  redirect.script  src  test
yli066@hammer.cs.ucr.edu$cat < newfile
bin
LICENSE
Makefile
newfile
README.md
redirect.script
src
test
bin
LICENSE
Makefile
new
newfile
README.md
redirect.script
src
test
bin
LICENSE
Makefile
new
newfile
newfile2
README.md
redirect.script
src
test
yli066@hammer.cs.ucr.edu$ls >> newfile && c ls > another && cat < new
bin
LICENSE
Makefile
new
newfile
README.md
redirect.script
src
test
yli066@hammer.cs.ucr.edu$ls
another  bin  LICENSE  Makefile  new  newfile  newfile2  README.md  redirect.script  src  test
yli066@hammer.cs.ucr.edu$wc < new; ls >> new; wc < new
 9  9 68
 20  20 153
yli066@hammer.cs.ucr.edu$wc < new; ls > new ; wc < new
 20  20  153
 9  9  68
yli066@hammer.cs.ucr.edu$#all connectors work with different combinations
yli066@hammer.cs.ucr.edu$ls
another  bin  LICENSE  Makefile  new  newfile  newfile2  README.md  redirect.script  src  test
yli066@hammer.cs.ucr.edu$cat < new
bin
LICENSE
Makefile
new
newfile
README.md
redirect.script
src
test
another
bin
LICENSE
Makefile
new
newfile
newfile2
README.md
redirect.script
src
test
yli066@hammer.cs.ucr.edu$ls > another || cat < another
cannot run command!!!
yli066@hammer.cs.ucr.edu$cat < another || cat < new
another
bin
LICENSE
Makefile
new
newfile
newfile2
README.md
redirect.script
src
test
cannot run command!!!
yli066@hammer.cs.ucr.edu$cat < another || cat < new || ls > newfile
another
bin
LICENSE
Makefile
new
newfile
newfile2
README.md
redirect.script
src
test
Previous passed!!!
yli066@hammer.cs.ucr.edu$cat < another || cat < newfile && ls > new
another
bin
LICENSE
Makefile
new
newfile
newfile2
README.md
redirect.script
src
test
bin
LICENSE
Makefile
newfile
README.md
redirect.script
src
test
bin
LICENSE
Makefile
new
newfile
README.md
redirect.script
src
test
bin
LICENSE
Makefile
new
newfile
newfile2
README.md
redirect.script
src
test
bin
LICENSE
Makefile
new
newfile
newfile2
README.md
redirect.script
src
test
yli066@hammer.cs.ucr.edu$ls > newfile
yli066@hammer.cs.ucr.edu$cat < newfile
another
bin
LICENSE
Makefile
new
newfile
newfile2
README.md
redirect.script
src
test
yli066@hammer.cs.ucr.edu$ls
another  bin  LICENSE  Makefile  new  newfile  newfile2  README.md  redirect.script  src  test
yli066@hammer.cs.ucr.edu$cat < newfile || cat < new
another
bin
LICENSE
Makefile
new
newfile
newfile2
README.md
redirect.script
src
test
cannot run command!!!
yli066@hammer.cs.ucr.edu$cat < newfile && ls > newfile2 && cat < newfile2
another
bin
LICENSE
Makefile
new
newfile
newfile2
README.md
redirect.script
src
test
another
bin
LICENSE
Makefile
new
newfile
newfile2
README.md
redirect.script
src
test
yli066@hammer.cs.ucr.edu$ls
another  bin  LICENSE  Makefile  new  newfile  newfile2  README.md  redirect.script  src  test
yli066@hammer.cs.ucr.edu$cat < new && ls
another
bin
LICENSE
Makefile
new
newfile
newfile2
README.md
redirect.script
src
test
another  bin  LICENSE  Makefile  new  newfile  newfile2  README.md  redirect.script  src  test
yli066@hammer.cs.ucr.edu$ls
another  bin  LICENSE  Makefile  new  newfile  newfile2  README.md  redirect.script  src  test
yli066@hammer.cs.ucr.edu$exit
~/CS100/rshell
yli066@hammer $ #PIPING DOES NOT WORK, THEREFORE WILL NOT NEED TO BE TESTED IN SCRIPT
yli066@hammer $ #ALL CONNECTORS WORK, ONLY FEW SPECIFIC CASES DO NOT WORK, FEW BUGS
yli066@hammer $ #OTHER THEN FEW BUGS, CONNECTORS WORK ALONG WITH ALL IO REDIRECTION
yli066@hammer $ #ALL SIMPLE IO REDIRECTIONS WORK, CAN BE SEEN FROM TESTS ABOVE
yli066@hammer $ exit
exit

Script done on Mon 23 Feb 2015 10:50:44 PM PST
